
> mix-and-munch-recipes@3.0.0 build
> next build

  Γû▓ Next.js 14.2.33
  - Environments: .env.local

   Creating an optimized production build ...
 Γ£ô Compiled successfully
   Skipping validation of types
   Linting ...
   Collecting page data ...
   Generating static pages (0/14) ...
 ΓÜá metadataBase property in metadata export is not set for resolving social open graph or twitter images, using "http://localhost:3000". See https://nextjs.org/docs/app/api-reference/functions/generate-metadata#metadatabase
 ΓÜá Unsupported metadata viewport is configured in metadata export in /about. Please move it to viewport export instead.
Read more: https://nextjs.org/docs/app/api-reference/functions/generate-viewport
 ΓÜá Unsupported metadata viewport is configured in metadata export in /about. Please move it to viewport export instead.
Read more: https://nextjs.org/docs/app/api-reference/functions/generate-viewport
 ΓÜá metadataBase property in metadata export is not set for resolving social open graph or twitter images, using "http://localhost:3000". See https://nextjs.org/docs/app/api-reference/functions/generate-metadata#metadatabase
 ΓÜá Unsupported metadata viewport is configured in metadata export in /recipes. Please move it to viewport export instead.
Read more: https://nextjs.org/docs/app/api-reference/functions/generate-viewport
 ΓÜá Unsupported metadata viewport is configured in metadata export in /recipes. Please move it to viewport export instead.
Read more: https://nextjs.org/docs/app/api-reference/functions/generate-viewport
 ΓÜá metadataBase property in metadata export is not set for resolving social open graph or twitter images, using "http://localhost:3000". See https://nextjs.org/docs/app/api-reference/functions/generate-metadata#metadatabase
 ΓÜá Unsupported metadata viewport is configured in metadata export in /_not-found. Please move it to viewport export instead.
Read more: https://nextjs.org/docs/app/api-reference/functions/generate-viewport
 ΓÜá Unsupported metadata viewport is configured in metadata export in /_not-found. Please move it to viewport export instead.
Read more: https://nextjs.org/docs/app/api-reference/functions/generate-viewport
 ΓÜá metadataBase property in metadata export is not set for resolving social open graph or twitter images, using "http://localhost:3000". See https://nextjs.org/docs/app/api-reference/functions/generate-metadata#metadatabase
 ΓÜá Unsupported metadata viewport is configured in metadata export in /chat. Please move it to viewport export instead.
Read more: https://nextjs.org/docs/app/api-reference/functions/generate-viewport
 ΓÜá Unsupported metadata viewport is configured in metadata export in /chat. Please move it to viewport export instead.
Read more: https://nextjs.org/docs/app/api-reference/functions/generate-viewport
 ΓÜá metadataBase property in metadata export is not set for resolving social open graph or twitter images, using "http://localhost:3000". See https://nextjs.org/docs/app/api-reference/functions/generate-metadata#metadatabase
 ΓÜá Unsupported metadata viewport is configured in metadata export in /. Please move it to viewport export instead.
Read more: https://nextjs.org/docs/app/api-reference/functions/generate-viewport
 ΓÜá Unsupported metadata viewport is configured in metadata export in /. Please move it to viewport export instead.
Read more: https://nextjs.org/docs/app/api-reference/functions/generate-viewport
 ΓÜá metadataBase property in metadata export is not set for resolving social open graph or twitter images, using "http://localhost:3000". See https://nextjs.org/docs/app/api-reference/functions/generate-metadata#metadatabase
 ΓÜá Unsupported metadata viewport is configured in metadata export in /profile. Please move it to viewport export instead.
Read more: https://nextjs.org/docs/app/api-reference/functions/generate-viewport
 ΓÜá Unsupported metadata viewport is configured in metadata export in /profile. Please move it to viewport export instead.
Read more: https://nextjs.org/docs/app/api-reference/functions/generate-viewport
 ΓÜá metadataBase property in metadata export is not set for resolving social open graph or twitter images, using "http://localhost:3000". See https://nextjs.org/docs/app/api-reference/functions/generate-metadata#metadatabase
 ΓÜá Unsupported metadata viewport is configured in metadata export in /youtube-demo. Please move it to viewport export instead.
Read more: https://nextjs.org/docs/app/api-reference/functions/generate-viewport
 ΓÜá Unsupported metadata viewport is configured in metadata export in /youtube-demo. Please move it to viewport export instead.
Read more: https://nextjs.org/docs/app/api-reference/functions/generate-viewport
 ΓÜá metadataBase property in metadata export is not set for resolving social open graph or twitter images, using "http://localhost:3000". See https://nextjs.org/docs/app/api-reference/functions/generate-metadata#metadatabase
 ΓÜá Unsupported metadata viewport is configured in metadata export in /pantry. Please move it to viewport export instead.
Read more: https://nextjs.org/docs/app/api-reference/functions/generate-viewport
 ΓÜá Unsupported metadata viewport is configured in metadata export in /pantry. Please move it to viewport export instead.
Read more: https://nextjs.org/docs/app/api-reference/functions/generate-viewport
   Generating static pages (3/14) 
   Generating static pages (6/14) 
   Generating static pages (10/14) 
 Γ£ô Generating static pages (14/14)
   Finalizing page optimization ...
   Collecting build traces ...

Route (app)                              Size     First Load JS
Γöî Γùï /                                    175 B          96.1 kB
Γö£ Γùï /_not-found                          873 B          88.1 kB
Γö£ Γùï /about                               138 B          87.4 kB
Γö£ ╞Æ /api/chat                            0 B                0 B
Γö£ Γùï /api/ingredients                     0 B                0 B
Γö£ Γùï /api/recipes                         0 B                0 B
Γö£ ╞Æ /api/recipes/[slug]                  0 B                0 B
Γö£ Γùï /api/transcripts                     0 B                0 B
Γö£ Γùï /chat                                5.14 kB         101 kB
Γö£ Γùï /pantry                              6.14 kB         143 kB
Γö£ Γùï /profile                             5.85 kB         102 kB
Γö£ Γùï /recipes                             1.81 kB         139 kB
Γö£ ╞Æ /recipes/[slug]                      188 B           101 kB
Γöö Γùï /youtube-demo                        188 B           101 kB
+ First Load JS shared by all            87.2 kB
  Γö£ chunks/117-9ea59c564b202150.js       31.7 kB
  Γö£ chunks/fd9d1056-1f1f859026f5f0fa.js  53.6 kB
  Γöö other shared chunks (total)          1.89 kB


Γùï  (Static)   prerendered as static content
╞Æ  (Dynamic)  server-rendered on demand

